 
 gcc -g p7final.c
 gdb a.out
GNU gdb (Ubuntu 8.1.1-0ubuntu1) 8.1.1
Copyright (C) 2018 Free Software Foundation, Inc.
License GPLv3+: GNU GPL version 3 or later <http://gnu.org/licenses/gpl.html>
This is free software: you are free to change and redistribute it.
There is NO WARRANTY, to the extent permitted by law.  Type "show copying"
and "show warranty" for details.
This GDB was configured as "x86_64-linux-gnu".
Type "show configuration" for configuration details.
For bug reporting instructions, please see:
<http://www.gnu.org/software/gdb/bugs/>.
Find the GDB manual and other documentation resources online at:
<http://www.gnu.org/software/gdb/documentation/>.
For help, type "help".
Type "apropos word" to search for commands related to "word"...
Reading symbols from a.out...done.
(gdb) b main
Breakpoint 1 at 0x877: file p7final.c, line 26.
(gdb) r
Starting program: /home/runner/IA2-Test1-Session2/a.out 
warning: Error disabling address space randomization: Operation not permitted

Breakpoint 1, main () at p7final.c:26
26  {
(gdb) n
28    maharshi=input_triangle();
(gdb) n
enter a base and altitude
4   5
29    find_area(&maharshi);
(gdb) s
find_area (t=0x7ffc4001d3fc) at p7final.c:18
18    t->area=0.5 * t->base* t->altitude;
(gdb) n
19  }
(gdb) n
main () at p7final.c:30
30    output(maharshi);
(gdb) s
output (t=...) at p7final.c:23
23    printf("the area of Triangle with base %f and altitude %f is %f\n",t.base,t.altitude,t.area);
(gdb) n
the area of Triangle with base 4.000000 and altitude 5.000000 is 10.000000
24  }
(gdb) n
main () at p7final.c:31
31    return 0;
(gdb) n
32  }(gdb) c
Continuing.
[Inferior 1 (process 406) exited normally]
(gdb) 